// Jest Snapshot v1, https://goo.gl/fbAQLP

exports[`renders correctly 1`] = `
<Modal
  animationType="slide"
  hardwareAccelerated={false}
  onRequestClose={[Function]}
  statusBarTranslucent={true}
  testID="patientInfoModal"
  transparent={true}
  visible={true}
>
  <View
    style={
      Object {
        "bottom": "15%",
        "top": "20%",
      }
    }
  >
    <View
      style={
        Object {
          "alignContent": "flex-end",
          "alignSelf": "flex-end",
          "backgroundColor": "#9dd4fb",
          "elevation": 5,
          "padding": 20,
          "paddingLeft": 20,
          "paddingRight": 20,
          "width": "50%",
        }
      }
    >
      <Text
        style={
          Object {
            "fontSize": 30,
            "fontWeight": "200",
            "marginBottom": 10,
            "marginTop": 10,
          }
        }
      >
        Patient
      </Text>
      <View
        style={
          Object {
            "backgroundColor": "white",
            "padding": 10,
          }
        }
      >
        <Text
          style={
            Object {
              "fontSize": 15,
              "marginBottom": 10,
            }
          }
        >
          <Text
            style={
              Object {
                "fontWeight": "bold",
              }
            }
          >
            Lastname: 
          </Text>
          <Text
            testID="lastname"
          />
        </Text>
        <Text
          style={
            Object {
              "fontSize": 15,
              "marginBottom": 10,
            }
          }
        >
          <Text
            style={
              Object {
                "fontWeight": "bold",
              }
            }
          >
            Firstname: 
          </Text>
          <Text>
             
          </Text>
        </Text>
        <Text
          style={
            Object {
              "fontSize": 15,
              "marginBottom": 10,
            }
          }
        >
          <Text
            style={
              Object {
                "fontWeight": "bold",
              }
            }
          >
            SSN: 
          </Text>
          <Text />
        </Text>
        <Text
          style={
            Object {
              "fontSize": 15,
              "marginBottom": 10,
            }
          }
        >
          <Text
            style={
              Object {
                "fontWeight": "bold",
              }
            }
          >
            Gender: 
          </Text>
          <Text />
        </Text>
        <Text
          style={
            Object {
              "fontSize": 15,
              "marginBottom": 10,
            }
          }
        >
          <Text
            style={
              Object {
                "fontWeight": "bold",
              }
            }
          >
            Address: 
          </Text>
          <Text>
             
          </Text>
        </Text>
        <Text
          style={
            Object {
              "fontSize": 15,
              "marginBottom": 10,
            }
          }
        >
          <Text
            style={
              Object {
                "fontWeight": "bold",
              }
            }
          >
            City: 
          </Text>
          <Text />
        </Text>
        <Text
          style={
            Object {
              "fontSize": 15,
              "marginBottom": 10,
            }
          }
        >
          <Text
            style={
              Object {
                "fontWeight": "bold",
              }
            }
          >
            Co-Address: 
          </Text>
          <Text />
        </Text>
      </View>
      <View
        accessible={true}
        collapsable={false}
        focusable={true}
        onBlur={[Function]}
        onClick={[Function]}
        onFocus={[Function]}
        onResponderGrant={[Function]}
        onResponderMove={[Function]}
        onResponderRelease={[Function]}
        onResponderTerminate={[Function]}
        onResponderTerminationRequest={[Function]}
        onStartShouldSetResponder={[Function]}
      >
        <View
          style={
            Object {
              "alignSelf": "center",
              "backgroundColor": "#0274a1",
              "borderRadius": 10,
              "height": 40,
              "justifyContent": "center",
              "marginTop": 30,
              "width": "25%",
            }
          }
        >
          <Text
            style={
              Object {
                "alignSelf": "center",
                "color": "white",
                "fontSize": 20,
              }
            }
          >
            Close
          </Text>
        </View>
      </View>
    </View>
  </View>
</Modal>
`;
