// Jest Snapshot v1, https://goo.gl/fbAQLP

exports[`renders correctly 1`] = `
<RCTSafeAreaView
  emulateUnlessSupported={true}
  style={
    Object {
      "flex": 1,
    }
  }
>
  <View
    style={
      Array [
        Object {
          "backgroundColor": "white",
          "paddingBottom": 10,
          "paddingTop": 40,
        },
        Object {
          "elevation": 6,
          "shadowColor": "#000",
          "shadowOffset": Object {
            "height": 3,
            "width": 0,
          },
          "shadowOpacity": 0.27,
          "shadowRadius": 4.65,
        },
      ]
    }
  >
    <TextInput
      onChangeText={[Function]}
      placeholder="room number"
      style={
        Object {
          "borderRadius": 10,
          "borderWidth": 1,
          "height": 40,
          "margin": 12,
          "padding": 10,
        }
      }
    />
  </View>
  <RCTScrollView
    contentContainerStyle={
      Object {
        "alignItems": "center",
        "flex": 1,
      }
    }
  >
    <View />
  </RCTScrollView>
</RCTSafeAreaView>
`;
