// Jest Snapshot v1, https://goo.gl/fbAQLP

exports[`renders correctly 1`] = `
<Modal
  animationType="slide"
  hardwareAccelerated={false}
  onRequestClose={[Function]}
  statusBarTranslucent={true}
  testID="patientInfoModal"
  transparent={true}
  visible={true}
>
  <View
    style={
      Object {
        "alignItems": "center",
        "flex": 1,
        "justifyContent": "center",
        "marginTop": 22,
      }
    }
  >
    <View
      style={
        Object {
          "backgroundColor": "white",
          "borderRadius": 20,
          "elevation": 5,
          "height": "40%",
          "margin": 20,
          "padding": 35,
          "shadowColor": "#000",
          "shadowOffset": Object {
            "height": 2,
            "width": 0,
          },
          "shadowOpacity": 0.25,
          "shadowRadius": 4,
          "width": "80%",
        }
      }
    >
      <Text
        style={
          Object {
            "flex": 5,
            "marginBottom": 15,
          }
        }
        testID="errormessage"
      >
        Error: 
        

        test error
      </Text>
      <View
        style={
          Object {
            "flex": 1,
          }
        }
      >
        <View
          accessible={true}
          collapsable={false}
          focusable={true}
          onBlur={[Function]}
          onClick={[Function]}
          onFocus={[Function]}
          onResponderGrant={[Function]}
          onResponderMove={[Function]}
          onResponderRelease={[Function]}
          onResponderTerminate={[Function]}
          onResponderTerminationRequest={[Function]}
          onStartShouldSetResponder={[Function]}
          style={
            Array [
              Object {
                "borderRadius": 20,
                "elevation": 2,
                "padding": 10,
              },
              Object {
                "backgroundColor": "#2196F3",
              },
            ]
          }
        >
          <Text
            style={
              Object {
                "color": "white",
                "fontWeight": "bold",
                "textAlign": "center",
              }
            }
          >
            Close
          </Text>
        </View>
      </View>
    </View>
  </View>
</Modal>
`;
