// Jest Snapshot v1, https://goo.gl/fbAQLP

exports[`renders correctly 1`] = `
<Modal
  animationType="slide"
  hardwareAccelerated={false}
  onRequestClose={[Function]}
  statusBarTranslucent={true}
  transparent={true}
  visible={true}
>
  <View
    style={
      Object {
        "top": "5%",
      }
    }
  >
    <View
      style={
        Object {
          "alignContent": "center",
          "alignSelf": "center",
          "backgroundColor": "#9dd4fb",
          "elevation": 5,
          "height": "100%",
          "padding": 20,
          "paddingLeft": 20,
          "paddingRight": 20,
          "width": "50%",
        }
      }
    >
      <Text
        style={
          Object {
            "fontSize": 40,
            "marginBottom": 60,
          }
        }
      >
        Admit patient
      </Text>
      <View>
        <View>
          <Text
            style={
              Object {
                "fontSize": 20,
                "marginTop": 40,
                "paddingBottom": 5,
              }
            }
          >
            Patient:
          </Text>
          <View
            style={
              Object {
                "borderRadius": 5,
                "flexDirection": "row",
                "marginBottom": 10,
                "width": "100%",
              }
            }
          >
            <TextInput
              allowFontScaling={true}
              onChangeText={[Function]}
              placeholder="SSN"
              rejectResponderTermination={true}
              style={
                Object {
                  "backgroundColor": "white",
                  "flex": 3,
                  "height": 40,
                  "paddingLeft": 10,
                  "width": "100%",
                }
              }
              underlineColorAndroid="transparent"
            />
            <View
              accessible={true}
              focusable={true}
              onClick={[Function]}
              onResponderGrant={[Function]}
              onResponderMove={[Function]}
              onResponderRelease={[Function]}
              onResponderTerminate={[Function]}
              onResponderTerminationRequest={[Function]}
              onStartShouldSetResponder={[Function]}
              style={
                Object {
                  "flex": 1,
                  "opacity": 1,
                }
              }
            >
              <View
                style={
                  Object {
                    "backgroundColor": "#0274a1",
                    "borderRadius": 10,
                    "height": 40,
                    "marginLeft": 10,
                    "width": 70,
                  }
                }
              >
                <Text
                  style={
                    Object {
                      "alignSelf": "center",
                      "color": "white",
                      "fontSize": 15,
                      "marginTop": 10,
                    }
                  }
                >
                  Search
                </Text>
              </View>
            </View>
          </View>
          <Text
            style={
              Object {
                "fontSize": 20,
                "marginTop": 25,
                "paddingBottom": 5,
              }
            }
          >
            Room:
          </Text>
          <View
            style={
              Object {
                "backgroundColor": "white",
              }
            }
          >
            <View
              onLayout={[Function]}
              style={
                Array [
                  Object {
                    "justifyContent": "center",
                  },
                  Object {
                    "height": 30,
                    "marginBottom": 10,
                    "marginTop": 10,
                    "paddingLeft": 10,
                    "paddingRight": 10,
                  },
                ]
              }
            >
              <View
                accessible={true}
                focusable={true}
                onClick={[Function]}
                onResponderGrant={[Function]}
                onResponderMove={[Function]}
                onResponderRelease={[Function]}
                onResponderTerminate={[Function]}
                onResponderTerminationRequest={[Function]}
                onStartShouldSetResponder={[Function]}
                style={
                  Object {
                    "alignItems": "center",
                    "flexDirection": "row",
                    "height": 35,
                    "justifyContent": "space-between",
                  }
                }
              >
                <Text />
                <Text
                  style={
                    Array [
                      Object {
                        "flex": 1,
                        "fontSize": 16,
                      },
                      Object {
                        "fontSize": 16,
                      },
                      Object {},
                    ]
                  }
                >
                  Select room
                </Text>
                <Image
                  source={1}
                  style={
                    Array [
                      Object {
                        "height": 20,
                        "width": 20,
                      },
                      Object {
                        "tintColor": "gray",
                      },
                      Object {
                        "height": 20,
                        "width": 20,
                      },
                    ]
                  }
                />
              </View>
            </View>
          </View>
        </View>
        <View
          style={
            Object {
              "marginTop": 10,
            }
          }
        >
          <Text>
            Responsible: 
          </Text>
        </View>
        <View
          style={
            Object {
              "alignContent": "space-between",
              "flexDirection": "row",
              "marginTop": 180,
            }
          }
        >
          <View
            accessible={true}
            collapsable={false}
            focusable={true}
            onBlur={[Function]}
            onClick={[Function]}
            onFocus={[Function]}
            onResponderGrant={[Function]}
            onResponderMove={[Function]}
            onResponderRelease={[Function]}
            onResponderTerminate={[Function]}
            onResponderTerminationRequest={[Function]}
            onStartShouldSetResponder={[Function]}
          >
            <View
              style={
                Object {
                  "alignSelf": "center",
                  "backgroundColor": "#0274a1",
                  "borderRadius": 10,
                  "height": 40,
                  "marginRight": 20,
                  "marginTop": 30,
                  "width": 150,
                }
              }
            >
              <Text
                style={
                  Object {
                    "alignSelf": "center",
                    "color": "white",
                    "fontSize": 20,
                  }
                }
              >
                Add
              </Text>
            </View>
          </View>
          <View
            accessible={true}
            focusable={true}
            onClick={[Function]}
            onResponderGrant={[Function]}
            onResponderMove={[Function]}
            onResponderRelease={[Function]}
            onResponderTerminate={[Function]}
            onResponderTerminationRequest={[Function]}
            onStartShouldSetResponder={[Function]}
            style={
              Object {
                "opacity": 1,
              }
            }
          >
            <View
              style={
                Object {
                  "alignSelf": "center",
                  "backgroundColor": "#0274a1",
                  "borderRadius": 10,
                  "height": 40,
                  "marginRight": 20,
                  "marginTop": 30,
                  "width": 150,
                }
              }
            >
              <Text
                style={
                  Object {
                    "alignSelf": "center",
                    "color": "white",
                    "fontSize": 20,
                  }
                }
              >
                Cancel
              </Text>
            </View>
          </View>
        </View>
      </View>
    </View>
  </View>
</Modal>
`;
